Archive member included to satisfy reference by file (symbol)

d:/st/stm32cubeide_1.7.0/stm32cubeide/plugins/com.st.stm32cube.ide.mcu.externaltools.gnu-tools-for-stm32.10.3-2021.10.win32_1.0.0.202111181127/tools/bin/../lib/gcc/arm-none-eabi/10.3.1/../../../../arm-none-eabi/lib/thumb/v7-m/nofp\libc_nano.a(lib_a-errno.o)
                              ./Core/Src/syscalls.o (__errno)
d:/st/stm32cubeide_1.7.0/stm32cubeide/plugins/com.st.stm32cube.ide.mcu.externaltools.gnu-tools-for-stm32.10.3-2021.10.win32_1.0.0.202111181127/tools/bin/../lib/gcc/arm-none-eabi/10.3.1/../../../../arm-none-eabi/lib/thumb/v7-m/nofp\libc_nano.a(lib_a-exit.o)
                              d:/st/stm32cubeide_1.7.0/stm32cubeide/plugins/com.st.stm32cube.ide.mcu.externaltools.gnu-tools-for-stm32.10.3-2021.10.win32_1.0.0.202111181127/tools/bin/../lib/gcc/arm-none-eabi/10.3.1/../../../../arm-none-eabi/lib/thumb/v7-m/nofp/crt0.o (exit)
d:/st/stm32cubeide_1.7.0/stm32cubeide/plugins/com.st.stm32cube.ide.mcu.externaltools.gnu-tools-for-stm32.10.3-2021.10.win32_1.0.0.202111181127/tools/bin/../lib/gcc/arm-none-eabi/10.3.1/../../../../arm-none-eabi/lib/thumb/v7-m/nofp\libc_nano.a(lib_a-impure.o)
                              d:/st/stm32cubeide_1.7.0/stm32cubeide/plugins/com.st.stm32cube.ide.mcu.externaltools.gnu-tools-for-stm32.10.3-2021.10.win32_1.0.0.202111181127/tools/bin/../lib/gcc/arm-none-eabi/10.3.1/../../../../arm-none-eabi/lib/thumb/v7-m/nofp\libc_nano.a(lib_a-exit.o) (_global_impure_ptr)
d:/st/stm32cubeide_1.7.0/stm32cubeide/plugins/com.st.stm32cube.ide.mcu.externaltools.gnu-tools-for-stm32.10.3-2021.10.win32_1.0.0.202111181127/tools/bin/../lib/gcc/arm-none-eabi/10.3.1/../../../../arm-none-eabi/lib/thumb/v7-m/nofp\libc_nano.a(lib_a-init.o)
                              d:/st/stm32cubeide_1.7.0/stm32cubeide/plugins/com.st.stm32cube.ide.mcu.externaltools.gnu-tools-for-stm32.10.3-2021.10.win32_1.0.0.202111181127/tools/bin/../lib/gcc/arm-none-eabi/10.3.1/../../../../arm-none-eabi/lib/thumb/v7-m/nofp/crt0.o (__libc_init_array)
d:/st/stm32cubeide_1.7.0/stm32cubeide/plugins/com.st.stm32cube.ide.mcu.externaltools.gnu-tools-for-stm32.10.3-2021.10.win32_1.0.0.202111181127/tools/bin/../lib/gcc/arm-none-eabi/10.3.1/../../../../arm-none-eabi/lib/thumb/v7-m/nofp\libc_nano.a(lib_a-malloc.o)
                              ./Core/Src/buffer_manip.o (malloc)
d:/st/stm32cubeide_1.7.0/stm32cubeide/plugins/com.st.stm32cube.ide.mcu.externaltools.gnu-tools-for-stm32.10.3-2021.10.win32_1.0.0.202111181127/tools/bin/../lib/gcc/arm-none-eabi/10.3.1/../../../../arm-none-eabi/lib/thumb/v7-m/nofp\libc_nano.a(lib_a-memset.o)
                              d:/st/stm32cubeide_1.7.0/stm32cubeide/plugins/com.st.stm32cube.ide.mcu.externaltools.gnu-tools-for-stm32.10.3-2021.10.win32_1.0.0.202111181127/tools/bin/../lib/gcc/arm-none-eabi/10.3.1/../../../../arm-none-eabi/lib/thumb/v7-m/nofp/crt0.o (memset)
d:/st/stm32cubeide_1.7.0/stm32cubeide/plugins/com.st.stm32cube.ide.mcu.externaltools.gnu-tools-for-stm32.10.3-2021.10.win32_1.0.0.202111181127/tools/bin/../lib/gcc/arm-none-eabi/10.3.1/../../../../arm-none-eabi/lib/thumb/v7-m/nofp\libc_nano.a(lib_a-nano-freer.o)
                              d:/st/stm32cubeide_1.7.0/stm32cubeide/plugins/com.st.stm32cube.ide.mcu.externaltools.gnu-tools-for-stm32.10.3-2021.10.win32_1.0.0.202111181127/tools/bin/../lib/gcc/arm-none-eabi/10.3.1/../../../../arm-none-eabi/lib/thumb/v7-m/nofp\libc_nano.a(lib_a-malloc.o) (_free_r)
d:/st/stm32cubeide_1.7.0/stm32cubeide/plugins/com.st.stm32cube.ide.mcu.externaltools.gnu-tools-for-stm32.10.3-2021.10.win32_1.0.0.202111181127/tools/bin/../lib/gcc/arm-none-eabi/10.3.1/../../../../arm-none-eabi/lib/thumb/v7-m/nofp\libc_nano.a(lib_a-nano-mallocr.o)
                              d:/st/stm32cubeide_1.7.0/stm32cubeide/plugins/com.st.stm32cube.ide.mcu.externaltools.gnu-tools-for-stm32.10.3-2021.10.win32_1.0.0.202111181127/tools/bin/../lib/gcc/arm-none-eabi/10.3.1/../../../../arm-none-eabi/lib/thumb/v7-m/nofp\libc_nano.a(lib_a-malloc.o) (_malloc_r)
d:/st/stm32cubeide_1.7.0/stm32cubeide/plugins/com.st.stm32cube.ide.mcu.externaltools.gnu-tools-for-stm32.10.3-2021.10.win32_1.0.0.202111181127/tools/bin/../lib/gcc/arm-none-eabi/10.3.1/../../../../arm-none-eabi/lib/thumb/v7-m/nofp\libc_nano.a(lib_a-sbrkr.o)
                              d:/st/stm32cubeide_1.7.0/stm32cubeide/plugins/com.st.stm32cube.ide.mcu.externaltools.gnu-tools-for-stm32.10.3-2021.10.win32_1.0.0.202111181127/tools/bin/../lib/gcc/arm-none-eabi/10.3.1/../../../../arm-none-eabi/lib/thumb/v7-m/nofp\libc_nano.a(lib_a-nano-mallocr.o) (_sbrk_r)
d:/st/stm32cubeide_1.7.0/stm32cubeide/plugins/com.st.stm32cube.ide.mcu.externaltools.gnu-tools-for-stm32.10.3-2021.10.win32_1.0.0.202111181127/tools/bin/../lib/gcc/arm-none-eabi/10.3.1/../../../../arm-none-eabi/lib/thumb/v7-m/nofp\libc_nano.a(lib_a-mlock.o)
[...]
Memory Configuration

Name             Origin             Length             Attributes
RAM              0x0000000020000000 0x0000000000005000 xrw
FLASH            0x0000000008000000 0x0000000000020000 xr
*default*        0x0000000000000000 0xffffffffffffffff

Linker script and memory map

LOAD d:/st/stm32cubeide_1.7.0/stm32cubeide/plugins/com.st.stm32cube.ide.mcu.externaltools.gnu-tools-for-stm32.10.3-2021.10.win32_1.0.0.202111181127/tools/bin/../lib/gcc/arm-none-eabi/10.3.1/thumb/v7-m/nofp/crti.o
LOAD d:/st/stm32cubeide_1.7.0/stm32cubeide/plugins/com.st.stm32cube.ide.mcu.externaltools.gnu-tools-for-stm32.10.3-2021.10.win32_1.0.0.202111181127/tools/bin/../lib/gcc/arm-none-eabi/10.3.1/thumb/v7-m/nofp/crtbegin.o
LOAD d:/st/stm32cubeide_1.7.0/stm32cubeide/plugins/com.st.stm32cube.ide.mcu.externaltools.gnu-tools-for-stm32.10.3-2021.10.win32_1.0.0.202111181127/tools/bin/../lib/gcc/arm-none-eabi/10.3.1/../../../../arm-none-eabi/lib/thumb/v7-m/nofp/crt0.o
LOAD ./Core/Src/buffer_manip.o
LOAD ./Core/Src/gpio.o
LOAD ./Core/Src/main.o
LOAD ./Core/Src/software_timer.o
LOAD ./Core/Src/stm32f1xx_hal_msp.o
LOAD ./Core/Src/stm32f1xx_it.o
LOAD ./Core/Src/syscalls.o
LOAD ./Core/Src/sysmem.o
LOAD ./Core/Src/system_stm32f1xx.o
LOAD ./Core/Src/tim.o
LOAD ./Core/Startup/startup_stm32f103rbtx.o
LOAD ./Drivers/STM32F1xx_HAL_Driver/Src/stm32f1xx_hal.o
LOAD ./Drivers/STM32F1xx_HAL_Driver/Src/stm32f1xx_hal_cortex.o
LOAD ./Drivers/STM32F1xx_HAL_Driver/Src/stm32f1xx_hal_dma.o
LOAD ./Drivers/STM32F1xx_HAL_Driver/Src/stm32f1xx_hal_exti.o
LOAD ./Drivers/STM32F1xx_HAL_Driver/Src/stm32f1xx_hal_flash.o
LOAD ./Drivers/STM32F1xx_HAL_Driver/Src/stm32f1xx_hal_flash_ex.o
LOAD ./Drivers/STM32F1xx_HAL_Driver/Src/stm32f1xx_hal_gpio.o
LOAD ./Drivers/STM32F1xx_HAL_Driver/Src/stm32f1xx_hal_gpio_ex.o
LOAD ./Drivers/STM32F1xx_HAL_Driver/Src/stm32f1xx_hal_pwr.o
LOAD ./Drivers/STM32F1xx_HAL_Driver/Src/stm32f1xx_hal_rcc.o
LOAD ./Drivers/STM32F1xx_HAL_Driver/Src/stm32f1xx_hal_rcc_ex.o
LOAD ./Drivers/STM32F1xx_HAL_Driver/Src/stm32f1xx_hal_tim.o
LOAD ./Drivers/STM32F1xx_HAL_Driver/Src/stm32f1xx_hal_tim_ex.o
START GROUP
LOAD d:/st/stm32cubeide_1.7.0/stm32cubeide/plugins/com.st.stm32cube.ide.mcu.externaltools.gnu-tools-for-stm32.10.3-2021.10.win32_1.0.0.202111181127/tools/bin/../lib/gcc/arm-none-eabi/10.3.1/../../../../arm-none-eabi/lib/thumb/v7-m/nofp\libc_nano.a
LOAD d:/st/stm32cubeide_1.7.0/stm32cubeide/plugins/com.st.stm32cube.ide.mcu.externaltools.gnu-tools-for-stm32.10.3-2021.10.win32_1.0.0.202111181127/tools/bin/../lib/gcc/arm-none-eabi/10.3.1/../../../../arm-none-eabi/lib/thumb/v7-m/nofp\libm.a
END GROUP
START GROUP
LOAD d:/st/stm32cubeide_1.7.0/stm32cubeide/plugins/com.st.stm32cube.ide.mcu.externaltools.gnu-tools-for-stm32.10.3-2021.10.win32_1.0.0.202111181127/tools/bin/../lib/gcc/arm-none-eabi/10.3.1/thumb/v7-m/nofp\libgcc.a
LOAD d:/st/stm32cubeide_1.7.0/stm32cubeide/plugins/com.st.stm32cube.ide.mcu.externaltools.gnu-tools-for-stm32.10.3-2021.10.win32_1.0.0.202111181127/tools/bin/../lib/gcc/arm-none-eabi/10.3.1/../../../../arm-none-eabi/lib/thumb/v7-m/nofp\libc_nano.a
END GROUP
START GROUP
LOAD d:/st/stm32cubeide_1.7.0/stm32cubeide/plugins/com.st.stm32cube.ide.mcu.externaltools.gnu-tools-for-stm32.10.3-2021.10.win32_1.0.0.202111181127/tools/bin/../lib/gcc/arm-none-eabi/10.3.1/thumb/v7-m/nofp\libgcc.a
LOAD d:/st/stm32cubeide_1.7.0/stm32cubeide/plugins/com.st.stm32cube.ide.mcu.externaltools.gnu-tools-for-stm32.10.3-2021.10.win32_1.0.0.202111181127/tools/bin/../lib/gcc/arm-none-eabi/10.3.1/../../../../arm-none-eabi/lib/thumb/v7-m/nofp\libc_nano.a
LOAD d:/st/stm32cubeide_1.7.0/stm32cubeide/plugins/com.st.stm32cube.ide.mcu.externaltools.gnu-tools-for-stm32.10.3-2021.10.win32_1.0.0.202111181127/tools/bin/../lib/gcc/arm-none-eabi/10.3.1/../../../../arm-none-eabi/lib/thumb/v7-m/nofp\libnosys.a
END GROUP
START GROUP
LOAD d:/st/stm32cubeide_1.7.0/stm32cubeide/plugins/com.st.stm32cube.ide.mcu.externaltools.gnu-tools-for-stm32.10.3-2021.10.win32_1.0.0.202111181127/tools/bin/../lib/gcc/arm-none-eabi/10.3.1/thumb/v7-m/nofp\libgcc.a
LOAD d:/st/stm32cubeide_1.7.0/stm32cubeide/plugins/com.st.stm32cube.ide.mcu.externaltools.gnu-tools-for-stm32.10.3-2021.10.win32_1.0.0.202111181127/tools/bin/../lib/gcc/arm-none-eabi/10.3.1/../../../../arm-none-eabi/lib/thumb/v7-m/nofp\libc_nano.a
LOAD d:/st/stm32cubeide_1.7.0/stm32cubeide/plugins/com.st.stm32cube.ide.mcu.externaltools.gnu-tools-for-stm32.10.3-2021.10.win32_1.0.0.202111181127/tools/bin/../lib/gcc/arm-none-eabi/10.3.1/../../../../arm-none-eabi/lib/thumb/v7-m/nofp\libnosys.a
END GROUP
LOAD d:/st/stm32cubeide_1.7.0/stm32cubeide/plugins/com.st.stm32cube.ide.mcu.externaltools.gnu-tools-for-stm32.10.3-2021.10.win32_1.0.0.202111181127/tools/bin/../lib/gcc/arm-none-eabi/10.3.1/thumb/v7-m/nofp/crtend.o
LOAD d:/st/stm32cubeide_1.7.0/stm32cubeide/plugins/com.st.stm32cube.ide.mcu.externaltools.gnu-tools-for-stm32.10.3-2021.10.win32_1.0.0.202111181127/tools/bin/../lib/gcc/arm-none-eabi/10.3.1/thumb/v7-m/nofp/crtn.o
                0x0000000020005000                _estack = (ORIGIN (RAM) + LENGTH (RAM))
                0x0000000000000200                _Min_Heap_Size = 0x200
                0x0000000000000400                _Min_Stack_Size = 0x400

.isr_vector     0x0000000008000000      0x10c
                0x0000000008000000                . = ALIGN (0x4)
 *(.isr_vector)
 .isr_vector    0x0000000008000000      0x10c ./Core/Startup/startup_stm32f103rbtx.o
                0x0000000008000000                g_pfnVectors
                0x000000000800010c                . = ALIGN (0x4)

.text           0x000000000800010c     0x23bc
                0x000000000800010c                . = ALIGN (0x4)
 *(.text)
 .text          0x000000000800010c       0x40 d:/st/stm32cubeide_1.7.0/stm32cubeide/plugins/com.st.stm32cube.ide.mcu.externaltools.gnu-tools-for-stm32.10.3-2021.10.win32_1.0.0.202111181127/tools/bin/../lib/gcc/arm-none-eabi/10.3.1/thumb/v7-m/nofp/crtbegin.o
 *(.text*)
 .text.Create_Copy_Buffer
                0x000000000800014c       0x7a ./Core/Src/buffer_manip.o
                0x000000000800014c                Create_Copy_Buffer
 .text.Free_Copy_Buffer
                0x00000000080001c6       0x3e ./Core/Src/buffer_manip.o
                0x00000000080001c6                Free_Copy_Buffer
 .text.Update_Red_Index
                0x0000000008000204       0x30 ./Core/Src/buffer_manip.o
                0x0000000008000204                Update_Red_Index
 .text.Update_Green_Index
                0x0000000008000234       0x30 ./Core/Src/buffer_manip.o
                0x0000000008000234                Update_Green_Index
 .text.Rollback_Green_Index
                0x0000000008000264       0x4c ./Core/Src/buffer_manip.o
                0x0000000008000264                Rollback_Green_Index
 .text.Rollback_Red_Index
                0x00000000080002b0       0x4c ./Core/Src/buffer_manip.o
                0x00000000080002b0                Rollback_Red_Index
 .text.Remove_Red_Index
                0x00000000080002fc       0x36 ./Core/Src/buffer_manip.o
                0x00000000080002fc                Remove_Red_Index
 .text.Remove_Green_Index
                0x0000000008000332       0x36 ./Core/Src/buffer_manip.o
                0x0000000008000332                Remove_Green_Index
 .text.Toggle_Led
                0x0000000008000368       0x28 ./Core/Src/buffer_manip.o
                0x0000000008000368                Toggle_Led
 .text.Red_Cummulative_Forward
                0x0000000008000390       0x34 ./Core/Src/buffer_manip.o
                0x0000000008000390                Red_Cummulative_Forward
 .text.Red_Cummulative_Backward
                0x00000000080003c4       0x3c ./Core/Src/buffer_manip.o
                0x00000000080003c4                Red_Cummulative_Backward
 .text.Green_Cummulative_Forward
                0x0000000008000400       0x34 ./Core/Src/buffer_manip.o
                0x0000000008000400                Green_Cummulative_Forward
 .text.Green_Cummulative_Backward
                0x0000000008000434       0x38 ./Core/Src/buffer_manip.o
                0x0000000008000434                Green_Cummulative_Backward
 .text.All_Led_Cummulative_Forward
                0x000000000800046c       0xac ./Core/Src/buffer_manip.o
                0x000000000800046c                All_Led_Cummulative_Forward
 .text.All_Led_Cummulative_Backward
                0x0000000008000518       0xac ./Core/Src/buffer_manip.o
                0x0000000008000518                All_Led_Cummulative_Backward
 .text.Half_Mixing_Alternative
                0x00000000080005c4       0xbc ./Core/Src/buffer_manip.o
                0x00000000080005c4                Half_Mixing_Alternative
 .text.MX_GPIO_Init
                0x0000000008000680      0x11c ./Core/Src/gpio.o
                0x0000000008000680                MX_GPIO_Init
 .text.main     0x000000000800079c       0x44 ./Core/Src/main.o
                0x000000000800079c                main
 .text.SystemClock_Config
                0x00000000080007e0       0x76 ./Core/Src/main.o
                0x00000000080007e0                SystemClock_Config
 *fill*         0x0000000008000856        0x2 
 .text.Relay_Enable
                0x0000000008000858       0x18 ./Core/Src/main.o
 .text.Latch_Enable
                0x0000000008000870       0x18 ./Core/Src/main.o
 .text.Latch_Disable
                0x0000000008000888       0x18 ./Core/Src/main.o
 .text.Output_Enable
                0x00000000080008a0       0x18 ./Core/Src/main.o
 .text.Clock_On
                0x00000000080008b8       0x34 ./Core/Src/main.o
 .text.Clock_Off
                0x00000000080008ec       0x34 ./Core/Src/main.o
 .text.Data_Out
                0x0000000008000920       0x24 ./Core/Src/main.o
 .text.Led_Display
                0x0000000008000944       0x44 ./Core/Src/main.o
                0x0000000008000944                Led_Display
 .text.Update_Led_Driver_Buffer
                0x0000000008000988       0x14 ./Core/Src/main.o
                0x0000000008000988                Update_Led_Driver_Buffer
 .text.HAL_TIM_PeriodElapsedCallback
                0x000000000800099c       0x14 ./Core/Src/main.o
                0x000000000800099c                HAL_TIM_PeriodElapsedCallback
 .text.Error_Handler
                0x00000000080009b0        0xa ./Core/Src/main.o
                0x00000000080009b0                Error_Handler
 *fill*         0x00000000080009ba        0x2 
 .text.Set_Timer
                0x00000000080009bc       0x20 ./Core/Src/software_timer.o
                0x00000000080009bc                Set_Timer
 .text.Timer_Run
                0x00000000080009dc       0x34 ./Core/Src/software_timer.o
                0x00000000080009dc                Timer_Run
 .text.HAL_MspInit
                0x0000000008000a10       0x44 ./Core/Src/stm32f1xx_hal_msp.o
                0x0000000008000a10                HAL_MspInit
 .text.NMI_Handler
                0x0000000008000a54        0x6 ./Core/Src/stm32f1xx_it.o
                0x0000000008000a54                NMI_Handler
 .text.HardFault_Handler
                0x0000000008000a5a        0x6 ./Core/Src/stm32f1xx_it.o
                0x0000000008000a5a                HardFault_Handler
 .text.MemManage_Handler
                0x0000000008000a60        0x6 ./Core/Src/stm32f1xx_it.o
                0x0000000008000a60                MemManage_Handler
 .text.BusFault_Handler
                0x0000000008000a66        0x6 ./Core/Src/stm32f1xx_it.o
                0x0000000008000a66                BusFault_Handler
 .text.UsageFault_Handler
                0x0000000008000a6c        0x6 ./Core/Src/stm32f1xx_it.o
                0x0000000008000a6c                UsageFault_Handler
 .text.SVC_Handler
                0x0000000008000a72        0xc ./Core/Src/stm32f1xx_it.o
                0x0000000008000a72                SVC_Handler
 .text.DebugMon_Handler
                0x0000000008000a7e        0xc ./Core/Src/stm32f1xx_it.o
                0x0000000008000a7e                DebugMon_Handler
 .text.PendSV_Handler
                0x0000000008000a8a        0xc ./Core/Src/stm32f1xx_it.o
                0x0000000008000a8a                PendSV_Handler
 .text.SysTick_Handler
                0x0000000008000a96        0xc ./Core/Src/stm32f1xx_it.o
                0x0000000008000a96                SysTick_Handler
 *fill*         0x0000000008000aa2        0x2 
 .text.TIM2_IRQHandler
                0x0000000008000aa4       0x14 ./Core/Src/stm32f1xx_it.o
                0x0000000008000aa4                TIM2_IRQHandler
 .text._sbrk    0x0000000008000ab8       0x6c ./Core/Src/sysmem.o
                0x0000000008000ab8                _sbrk
 .text.SystemInit
                0x0000000008000b24        0xc ./Core/Src/system_stm32f1xx.o
                0x0000000008000b24                SystemInit
 .text.MX_TIM2_Init
                0x0000000008000b30       0x98 ./Core/Src/tim.o
                0x0000000008000b30                MX_TIM2_Init
 .text.HAL_TIM_Base_MspInit
                0x0000000008000bc8       0x48 ./Core/Src/tim.o
                0x0000000008000bc8                HAL_TIM_Base_MspInit
 .text.Reset_Handler
                0x0000000008000c10       0x48 ./Core/Startup/startup_stm32f103rbtx.o
                0x0000000008000c10                Reset_Handler
 .text.Default_Handler
                0x0000000008000c58        0x2 ./Core/Startup/startup_stm32f103rbtx.o
                0x0000000008000c58                RTC_Alarm_IRQHandler
                0x0000000008000c58                EXTI2_IRQHandler
                0x0000000008000c58                TIM1_CC_IRQHandler
                0x0000000008000c58                PVD_IRQHandler
                0x0000000008000c58                EXTI3_IRQHandler
                0x0000000008000c58                EXTI0_IRQHandler
                0x0000000008000c58                I2C2_EV_IRQHandler
                0x0000000008000c58                ADC1_2_IRQHandler
                0x0000000008000c58                SPI1_IRQHandler
                0x0000000008000c58                TAMPER_IRQHandler
                0x0000000008000c58                DMA1_Channel4_IRQHandler
                0x0000000008000c58                USART3_IRQHandler
                0x0000000008000c58                RTC_IRQHandler
                0x0000000008000c58                DMA1_Channel7_IRQHandler
                0x0000000008000c58                CAN1_RX1_IRQHandler
                0x0000000008000c58                TIM4_IRQHandler
                0x0000000008000c58                I2C1_EV_IRQHandler
                0x0000000008000c58                DMA1_Channel6_IRQHandler
                0x0000000008000c58                TIM3_IRQHandler
                0x0000000008000c58                RCC_IRQHandler
                0x0000000008000c58                TIM1_TRG_COM_IRQHandler
                0x0000000008000c58                DMA1_Channel1_IRQHandler
                0x0000000008000c58                Default_Handler
                0x0000000008000c58                EXTI15_10_IRQHandler
                0x0000000008000c58                EXTI9_5_IRQHandler
                0x0000000008000c58                SPI2_IRQHandler
                0x0000000008000c58                DMA1_Channel5_IRQHandler
                0x0000000008000c58                EXTI4_IRQHandler
                0x0000000008000c58                USB_LP_CAN1_RX0_IRQHandler
                0x0000000008000c58                USB_HP_CAN1_TX_IRQHandler
                0x0000000008000c58                DMA1_Channel3_IRQHandler
                0x0000000008000c58                TIM1_UP_IRQHandler
                0x0000000008000c58                WWDG_IRQHandler
                0x0000000008000c58                TIM1_BRK_IRQHandler
                0x0000000008000c58                EXTI1_IRQHandler
                0x0000000008000c58                USART2_IRQHandler
                0x0000000008000c58                I2C2_ER_IRQHandler
                0x0000000008000c58                DMA1_Channel2_IRQHandler
                0x0000000008000c58                CAN1_SCE_IRQHandler
                0x0000000008000c58                FLASH_IRQHandler
                0x0000000008000c58                USART1_IRQHandler
                0x0000000008000c58                I2C1_ER_IRQHandler
                0x0000000008000c58                USBWakeUp_IRQHandler
 *fill*         0x0000000008000c5a        0x2 
 .text.HAL_Init
                0x0000000008000c5c       0x2c ./Drivers/STM32F1xx_HAL_Driver/Src/stm32f1xx_hal.o
                0x0000000008000c5c                HAL_Init
 .text.HAL_InitTick
                0x0000000008000c88       0x60 ./Drivers/STM32F1xx_HAL_Driver/Src/stm32f1xx_hal.o
                0x0000000008000c88                HAL_InitTick
 .text.HAL_IncTick
                0x0000000008000ce8       0x24 ./Drivers/STM32F1xx_HAL_Driver/Src/stm32f1xx_hal.o
                0x0000000008000ce8                HAL_IncTick
 .text.HAL_GetTick
                0x0000000008000d0c       0x14 ./Drivers/STM32F1xx_HAL_Driver/Src/stm32f1xx_hal.o
                0x0000000008000d0c                HAL_GetTick
 .text.__NVIC_SetPriorityGrouping
                0x0000000008000d20       0x48 ./Drivers/STM32F1xx_HAL_Driver/Src/stm32f1xx_hal_cortex.o
 .text.__NVIC_GetPriorityGrouping
                0x0000000008000d68       0x1c ./Drivers/STM32F1xx_HAL_Driver/Src/stm32f1xx_hal_cortex.o
 .text.__NVIC_EnableIRQ
                0x0000000008000d84       0x38 ./Drivers/STM32F1xx_HAL_Driver/Src/stm32f1xx_hal_cortex.o
 .text.__NVIC_SetPriority
                0x0000000008000dbc       0x54 ./Drivers/STM32F1xx_HAL_Driver/Src/stm32f1xx_hal_cortex.o
 .text.NVIC_EncodePriority
                0x0000000008000e10       0x64 ./Drivers/STM32F1xx_HAL_Driver/Src/stm32f1xx_hal_cortex.o
 .text.SysTick_Config
                0x0000000008000e74       0x44 ./Drivers/STM32F1xx_HAL_Driver/Src/stm32f1xx_hal_cortex.o
 .text.HAL_NVIC_SetPriorityGrouping
                0x0000000008000eb8       0x16 ./Drivers/STM32F1xx_HAL_Driver/Src/stm32f1xx_hal_cortex.o
                0x0000000008000eb8                HAL_NVIC_SetPriorityGrouping
 .text.HAL_NVIC_SetPriority
                0x0000000008000ece       0x38 ./Drivers/STM32F1xx_HAL_Driver/Src/stm32f1xx_hal_cortex.o
                0x0000000008000ece                HAL_NVIC_SetPriority
 .text.HAL_NVIC_EnableIRQ
                0x0000000008000f06       0x1c ./Drivers/STM32F1xx_HAL_Driver/Src/stm32f1xx_hal_cortex.o
                0x0000000008000f06                HAL_NVIC_EnableIRQ
 .text.HAL_SYSTICK_Config
                0x0000000008000f22       0x18 ./Drivers/STM32F1xx_HAL_Driver/Src/stm32f1xx_hal_cortex.o
                0x0000000008000f22                HAL_SYSTICK_Config
 *fill*         0x0000000008000f3a        0x2 
 .text.HAL_GPIO_Init
                0x0000000008000f3c      0x308 ./Drivers/STM32F1xx_HAL_Driver/Src/stm32f1xx_hal_gpio.o
                0x0000000008000f3c                HAL_GPIO_Init
 .text.HAL_GPIO_WritePin
                0x0000000008001244       0x30 ./Drivers/STM32F1xx_HAL_Driver/Src/stm32f1xx_hal_gpio.o
                0x0000000008001244                HAL_GPIO_WritePin
 .text.HAL_RCC_OscConfig
                0x0000000008001274      0x504 ./Drivers/STM32F1xx_HAL_Driver/Src/stm32f1xx_hal_rcc.o
                0x0000000008001274                HAL_RCC_OscConfig
 .text.HAL_RCC_ClockConfig
                0x0000000008001778      0x1d4 ./Drivers/STM32F1xx_HAL_Driver/Src/stm32f1xx_hal_rcc.o
                0x0000000008001778                HAL_RCC_ClockConfig
 .text.HAL_RCC_GetSysClockFreq
                0x000000000800194c       0xbc ./Drivers/STM32F1xx_HAL_Driver/Src/stm32f1xx_hal_rcc.o
                0x000000000800194c                HAL_RCC_GetSysClockFreq
 .text.RCC_Delay
                0x0000000008001a08       0x3c ./Drivers/STM32F1xx_HAL_Driver/Src/stm32f1xx_hal_rcc.o
 .text.HAL_TIM_Base_Init
                0x0000000008001a44       0x9e ./Drivers/STM32F1xx_HAL_Driver/Src/stm32f1xx_hal_tim.o
                0x0000000008001a44                HAL_TIM_Base_Init
 *fill*         0x0000000008001ae2        0x2 
 .text.HAL_TIM_Base_Start_IT
                0x0000000008001ae4       0xa4 ./Drivers/STM32F1xx_HAL_Driver/Src/stm32f1xx_hal_tim.o
                0x0000000008001ae4                HAL_TIM_Base_Start_IT
 .text.HAL_TIM_IRQHandler
                0x0000000008001b88      0x210 ./Drivers/STM32F1xx_HAL_Driver/Src/stm32f1xx_hal_tim.o
                0x0000000008001b88                HAL_TIM_IRQHandler
 .text.HAL_TIM_ConfigClockSource
                0x0000000008001d98      0x188 ./Drivers/STM32F1xx_HAL_Driver/Src/stm32f1xx_hal_tim.o
                0x0000000008001d98                HAL_TIM_ConfigClockSource
 .text.HAL_TIM_OC_DelayElapsedCallback
                0x0000000008001f20       0x12 ./Drivers/STM32F1xx_HAL_Driver/Src/stm32f1xx_hal_tim.o
                0x0000000008001f20                HAL_TIM_OC_DelayElapsedCallback
 .text.HAL_TIM_IC_CaptureCallback
                0x0000000008001f32       0x12 ./Drivers/STM32F1xx_HAL_Driver/Src/stm32f1xx_hal_tim.o
                0x0000000008001f32                HAL_TIM_IC_CaptureCallback
 .text.HAL_TIM_PWM_PulseFinishedCallback
                0x0000000008001f44       0x12 ./Drivers/STM32F1xx_HAL_Driver/Src/stm32f1xx_hal_tim.o
                0x0000000008001f44                HAL_TIM_PWM_PulseFinishedCallback
 .text.HAL_TIM_TriggerCallback
                0x0000000008001f56       0x12 ./Drivers/STM32F1xx_HAL_Driver/Src/stm32f1xx_hal_tim.o
                0x0000000008001f56                HAL_TIM_TriggerCallback
 .text.TIM_Base_SetConfig
                0x0000000008001f68       0xc4 ./Drivers/STM32F1xx_HAL_Driver/Src/stm32f1xx_hal_tim.o
                0x0000000008001f68                TIM_Base_SetConfig
 .text.TIM_TI1_ConfigInputStage
                0x000000000800202c       0x5c ./Drivers/STM32F1xx_HAL_Driver/Src/stm32f1xx_hal_tim.o
 .text.TIM_TI2_ConfigInputStage
                0x0000000008002088       0x5e ./Drivers/STM32F1xx_HAL_Driver/Src/stm32f1xx_hal_tim.o
 .text.TIM_ITRx_SetConfig
                0x00000000080020e6       0x34 ./Drivers/STM32F1xx_HAL_Driver/Src/stm32f1xx_hal_tim.o
 .text.TIM_ETR_SetConfig
                0x000000000800211a       0x3e ./Drivers/STM32F1xx_HAL_Driver/Src/stm32f1xx_hal_tim.o
                0x000000000800211a                TIM_ETR_SetConfig
 .text.HAL_TIMEx_MasterConfigSynchronization
                0x0000000008002158       0xbc ./Drivers/STM32F1xx_HAL_Driver/Src/stm32f1xx_hal_tim_ex.o
                0x0000000008002158                HAL_TIMEx_MasterConfigSynchronization
 .text.HAL_TIMEx_CommutCallback
                0x0000000008002214       0x12 ./Drivers/STM32F1xx_HAL_Driver/Src/stm32f1xx_hal_tim_ex.o
                0x0000000008002214                HAL_TIMEx_CommutCallback
 .text.HAL_TIMEx_BreakCallback
                0x0000000008002226       0x12 ./Drivers/STM32F1xx_HAL_Driver/Src/stm32f1xx_hal_tim_ex.o
                0x0000000008002226                HAL_TIMEx_BreakCallback
 .text.__errno  0x0000000008002238        0xc d:/st/stm32cubeide_1.7.0/stm32cubeide/plugins/com.st.stm32cube.ide.mcu.externaltools.gnu-tools-for-stm32.10.3-2021.10.win32_1.0.0.202111181127/tools/bin/../lib/gcc/arm-none-eabi/10.3.1/../../../../arm-none-eabi/lib/thumb/v7-m/nofp\libc_nano.a(lib_a-errno.o)
                0x0000000008002238                __errno
 .text.__libc_init_array
                0x0000000008002244       0x48 d:/st/stm32cubeide_1.7.0/stm32cubeide/plugins/com.st.stm32cube.ide.mcu.externaltools.gnu-tools-for-stm32.10.3-2021.10.win32_1.0.0.202111181127/tools/bin/../lib/gcc/arm-none-eabi/10.3.1/../../../../arm-none-eabi/lib/thumb/v7-m/nofp\libc_nano.a(lib_a-init.o)
                0x0000000008002244                __libc_init_array
 .text.malloc   0x000000000800228c       0x10 d:/st/stm32cubeide_1.7.0/stm32cubeide/plugins/com.st.stm32cube.ide.mcu.externaltools.gnu-tools-for-stm32.10.3-2021.10.win32_1.0.0.202111181127/tools/bin/../lib/gcc/arm-none-eabi/10.3.1/../../../../arm-none-eabi/lib/thumb/v7-m/nofp\libc_nano.a(lib_a-malloc.o)
                0x000000000800228c                malloc
 .text.free     0x000000000800229c       0x10 d:/st/stm32cubeide_1.7.0/stm32cubeide/plugins/com.st.stm32cube.ide.mcu.externaltools.gnu-tools-for-stm32.10.3-2021.10.win32_1.0.0.202111181127/tools/bin/../lib/gcc/arm-none-eabi/10.3.1/../../../../arm-none-eabi/lib/thumb/v7-m/nofp\libc_nano.a(lib_a-malloc.o)
                0x000000000800229c                free
 .text.memset   0x00000000080022ac       0x10 d:/st/stm32cubeide_1.7.0/stm32cubeide/plugins/com.st.stm32cube.ide.mcu.externaltools.gnu-tools-for-stm32.10.3-2021.10.win32_1.0.0.202111181127/tools/bin/../lib/gcc/arm-none-eabi/10.3.1/../../../../arm-none-eabi/lib/thumb/v7-m/nofp\libc_nano.a(lib_a-memset.o)
                0x00000000080022ac                memset
 .text._free_r  0x00000000080022bc       0x90 d:/st/stm32cubeide_1.7.0/stm32cubeide/plugins/com.st.stm32cube.ide.mcu.externaltools.gnu-tools-for-stm32.10.3-2021.10.win32_1.0.0.202111181127/tools/bin/../lib/gcc/arm-none-eabi/10.3.1/../../../../arm-none-eabi/lib/thumb/v7-m/nofp\libc_nano.a(lib_a-nano-freer.o)
                0x00000000080022bc                _free_r
 .text.sbrk_aligned
                0x000000000800234c       0x40 d:/st/stm32cubeide_1.7.0/stm32cubeide/plugins/com.st.stm32cube.ide.mcu.externaltools.gnu-tools-for-stm32.10.3-2021.10.win32_1.0.0.202111181127/tools/bin/../lib/gcc/arm-none-eabi/10.3.1/../../../../arm-none-eabi/lib/thumb/v7-m/nofp\libc_nano.a(lib_a-nano-mallocr.o)
 .text._malloc_r
                0x000000000800238c       0xe8 d:/st/stm32cubeide_1.7.0/stm32cubeide/plugins/com.st.stm32cube.ide.mcu.externaltools.gnu-tools-for-stm32.10.3-2021.10.win32_1.0.0.202111181127/tools/bin/../lib/gcc/arm-none-eabi/10.3.1/../../../../arm-none-eabi/lib/thumb/v7-m/nofp\libc_nano.a(lib_a-nano-mallocr.o)
                0x000000000800238c                _malloc_r
 .text._sbrk_r  0x0000000008002474       0x20 d:/st/stm32cubeide_1.7.0/stm32cubeide/plugins/com.st.stm32cube.ide.mcu.externaltools.gnu-tools-for-stm32.10.3-2021.10.win32_1.0.0.202111181127/tools/bin/../lib/gcc/arm-none-eabi/10.3.1/../../../../arm-none-eabi/lib/thumb/v7-m/nofp\libc_nano.a(lib_a-sbrkr.o)
                0x0000000008002474                _sbrk_r
 .text.__malloc_lock
                0x0000000008002494        0xc d:/st/stm32cubeide_1.7.0/stm32cubeide/plugins/com.st.stm32cube.ide.mcu.externaltools.gnu-tools-for-stm32.10.3-2021.10.win32_1.0.0.202111181127/tools/bin/../lib/gcc/arm-none-eabi/10.3.1/../../../../arm-none-eabi/lib/thumb/v7-m/nofp\libc_nano.a(lib_a-mlock.o)
                0x0000000008002494                __malloc_lock
 .text.__malloc_unlock
                0x00000000080024a0        0xc d:/st/stm32cubeide_1.7.0/stm32cubeide/plugins/com.st.stm32cube.ide.mcu.externaltools.gnu-tools-for-stm32.10.3-2021.10.win32_1.0.0.202111181127/tools/bin/../lib/gcc/arm-none-eabi/10.3.1/../../../../arm-none-eabi/lib/thumb/v7-m/nofp\libc_nano.a(lib_a-mlock.o)
                0x00000000080024a0                __malloc_unlock
 .text.__retarget_lock_acquire_recursive
                0x00000000080024ac        0x2 d:/st/stm32cubeide_1.7.0/stm32cubeide/plugins/com.st.stm32cube.ide.mcu.externaltools.gnu-tools-for-stm32.10.3-2021.10.win32_1.0.0.202111181127/tools/bin/../lib/gcc/arm-none-eabi/10.3.1/../../../../arm-none-eabi/lib/thumb/v7-m/nofp\libc_nano.a(lib_a-lock.o)
                0x00000000080024ac                __retarget_lock_acquire_recursive
 .text.__retarget_lock_release_recursive
                0x00000000080024ae        0x2 d:/st/stm32cubeide_1.7.0/stm32cubeide/plugins/com.st.stm32cube.ide.mcu.externaltools.gnu-tools-for-stm32.10.3-2021.10.win32_1.0.0.202111181127/tools/bin/../lib/gcc/arm-none-eabi/10.3.1/../../../../arm-none-eabi/lib/thumb/v7-m/nofp\libc_nano.a(lib_a-lock.o)
                0x00000000080024ae                __retarget_lock_release_recursive
 *(.glue_7)
 .glue_7        0x00000000080024b0        0x0 linker stubs
 *(.glue_7t)
 .glue_7t       0x00000000080024b0        0x0 linker stubs
 *(.eh_frame)
 .eh_frame      0x00000000080024b0        0x0 d:/st/stm32cubeide_1.7.0/stm32cubeide/plugins/com.st.stm32cube.ide.mcu.externaltools.gnu-tools-for-stm32.10.3-2021.10.win32_1.0.0.202111181127/tools/bin/../lib/gcc/arm-none-eabi/10.3.1/thumb/v7-m/nofp/crtbegin.o
 *(.init)
 .init          0x00000000080024b0        0x4 d:/st/stm32cubeide_1.7.0/stm32cubeide/plugins/com.st.stm32cube.ide.mcu.externaltools.gnu-tools-for-stm32.10.3-2021.10.win32_1.0.0.202111181127/tools/bin/../lib/gcc/arm-none-eabi/10.3.1/thumb/v7-m/nofp/crti.o
                0x00000000080024b0                _init
 .init          0x00000000080024b4        0x8 d:/st/stm32cubeide_1.7.0/stm32cubeide/plugins/com.st.stm32cube.ide.mcu.externaltools.gnu-tools-for-stm32.10.3-2021.10.win32_1.0.0.202111181127/tools/bin/../lib/gcc/arm-none-eabi/10.3.1/thumb/v7-m/nofp/crtn.o
 *(.fini)
 .fini          0x00000000080024bc        0x4 d:/st/stm32cubeide_1.7.0/stm32cubeide/plugins/com.st.stm32cube.ide.mcu.externaltools.gnu-tools-for-stm32.10.3-2021.10.win32_1.0.0.202111181127/tools/bin/../lib/gcc/arm-none-eabi/10.3.1/thumb/v7-m/nofp/crti.o
                0x00000000080024bc                _fini
 .fini          0x00000000080024c0        0x8 d:/st/stm32cubeide_1.7.0/stm32cubeide/plugins/com.st.stm32cube.ide.mcu.externaltools.gnu-tools-for-stm32.10.3-2021.10.win32_1.0.0.202111181127/tools/bin/../lib/gcc/arm-none-eabi/10.3.1/thumb/v7-m/nofp/crtn.o
                0x00000000080024c8                . = ALIGN (0x4)
                0x00000000080024c8                _etext = .

.vfp11_veneer   0x00000000080024c8        0x0
 .vfp11_veneer  0x00000000080024c8        0x0 linker stubs

.v4_bx          0x00000000080024c8        0x0
 .v4_bx         0x00000000080024c8        0x0 linker stubs

.iplt           0x00000000080024c8        0x0
 .iplt          0x00000000080024c8        0x0 d:/st/stm32cubeide_1.7.0/stm32cubeide/plugins/com.st.stm32cube.ide.mcu.externaltools.gnu-tools-for-stm32.10.3-2021.10.win32_1.0.0.202111181127/tools/bin/../lib/gcc/arm-none-eabi/10.3.1/thumb/v7-m/nofp/crtbegin.o

.rodata         0x00000000080024c8       0x20
                0x00000000080024c8                . = ALIGN (0x4)
 *(.rodata)
 .rodata        0x00000000080024c8       0x10 ./Drivers/STM32F1xx_HAL_Driver/Src/stm32f1xx_hal_rcc.o
 *(.rodata*)
 .rodata.AHBPrescTable
                0x00000000080024d8       0x10 ./Core/Src/system_stm32f1xx.o
                0x00000000080024d8                AHBPrescTable
                0x00000000080024e8                . = ALIGN (0x4)

.rel.dyn        0x00000000080024e8        0x0
 .rel.iplt      0x00000000080024e8        0x0 d:/st/stm32cubeide_1.7.0/stm32cubeide/plugins/com.st.stm32cube.ide.mcu.externaltools.gnu-tools-for-stm32.10.3-2021.10.win32_1.0.0.202111181127/tools/bin/../lib/gcc/arm-none-eabi/10.3.1/thumb/v7-m/nofp/crtbegin.o

.ARM.extab      0x00000000080024e8        0x0
                0x00000000080024e8                . = ALIGN (0x4)
 *(.ARM.extab* .gnu.linkonce.armextab.*)
                0x00000000080024e8                . = ALIGN (0x4)

.ARM            0x00000000080024e8        0x0
                0x00000000080024e8                . = ALIGN (0x4)
                0x00000000080024e8                __exidx_start = .
 *(.ARM.exidx*)
                0x00000000080024e8                __exidx_end = .
                0x00000000080024e8                . = ALIGN (0x4)

.preinit_array  0x00000000080024e8        0x0
                0x00000000080024e8                . = ALIGN (0x4)
                0x00000000080024e8                PROVIDE (__preinit_array_start = .)
 *(.preinit_array*)
                0x00000000080024e8                PROVIDE (__preinit_array_end = .)
                0x00000000080024e8                . = ALIGN (0x4)

.init_array     0x00000000080024e8        0x4
                0x00000000080024e8                . = ALIGN (0x4)
                0x00000000080024e8                PROVIDE (__init_array_start = .)
 *(SORT_BY_NAME(.init_array.*))
 *(.init_array*)
 .init_array    0x00000000080024e8        0x4 d:/st/stm32cubeide_1.7.0/stm32cubeide/plugins/com.st.stm32cube.ide.mcu.externaltools.gnu-tools-for-stm32.10.3-2021.10.win32_1.0.0.202111181127/tools/bin/../lib/gcc/arm-none-eabi/10.3.1/thumb/v7-m/nofp/crtbegin.o
                0x00000000080024ec                PROVIDE (__init_array_end = .)
                0x00000000080024ec                . = ALIGN (0x4)

.fini_array     0x00000000080024ec        0x4
                0x00000000080024ec                . = ALIGN (0x4)
                [!provide]                        PROVIDE (__fini_array_start = .)
 *(SORT_BY_NAME(.fini_array.*))
 *(.fini_array*)
 .fini_array    0x00000000080024ec        0x4 d:/st/stm32cubeide_1.7.0/stm32cubeide/plugins/com.st.stm32cube.ide.mcu.externaltools.gnu-tools-for-stm32.10.3-2021.10.win32_1.0.0.202111181127/tools/bin/../lib/gcc/arm-none-eabi/10.3.1/thumb/v7-m/nofp/crtbegin.o
                [!provide]                        PROVIDE (__fini_array_end = .)
                0x00000000080024f0                . = ALIGN (0x4)
                0x00000000080024f0                _sidata = LOADADDR (.data)

.data           0x0000000020000000       0x74 load address 0x00000000080024f0
                0x0000000020000000                . = ALIGN (0x4)
                0x0000000020000000                _sdata = .
 *(.data)
 *(.data*)
 .data.ledGreenIndex
                0x0000000020000000        0x1 ./Core/Src/buffer_manip.o
 *fill*         0x0000000020000001        0x3 
 .data.SystemCoreClock
                0x0000000020000004        0x4 ./Core/Src/system_stm32f1xx.o
                0x0000000020000004                SystemCoreClock
 .data.uwTickPrio
                0x0000000020000008        0x4 ./Drivers/STM32F1xx_HAL_Driver/Src/stm32f1xx_hal.o
                0x0000000020000008                uwTickPrio
 .data.uwTickFreq
                0x000000002000000c        0x1 ./Drivers/STM32F1xx_HAL_Driver/Src/stm32f1xx_hal.o
                0x000000002000000c                uwTickFreq
 *fill*         0x000000002000000d        0x3 
 .data._impure_ptr
                0x0000000020000010        0x4 d:/st/stm32cubeide_1.7.0/stm32cubeide/plugins/com.st.stm32cube.ide.mcu.externaltools.gnu-tools-for-stm32.10.3-2021.10.win32_1.0.0.202111181127/tools/bin/../lib/gcc/arm-none-eabi/10.3.1/../../../../arm-none-eabi/lib/thumb/v7-m/nofp\libc_nano.a(lib_a-impure.o)
                0x0000000020000010                _impure_ptr
 .data.impure_data
                0x0000000020000014       0x60 d:/st/stm32cubeide_1.7.0/stm32cubeide/plugins/com.st.stm32cube.ide.mcu.externaltools.gnu-tools-for-stm32.10.3-2021.10.win32_1.0.0.202111181127/tools/bin/../lib/gcc/arm-none-eabi/10.3.1/../../../../arm-none-eabi/lib/thumb/v7-m/nofp\libc_nano.a(lib_a-impure.o)
 *(.RamFunc)
 *(.RamFunc*)
                0x0000000020000074                . = ALIGN (0x4)
                0x0000000020000074                _edata = .

.igot.plt       0x0000000020000074        0x0 load address 0x0000000008002564
 .igot.plt      0x0000000020000074        0x0 d:/st/stm32cubeide_1.7.0/stm32cubeide/plugins/com.st.stm32cube.ide.mcu.externaltools.gnu-tools-for-stm32.10.3-2021.10.win32_1.0.0.202111181127/tools/bin/../lib/gcc/arm-none-eabi/10.3.1/thumb/v7-m/nofp/crtbegin.o
                0x0000000020000074                . = ALIGN (0x4)

.bss            0x0000000020000074       0x9c load address 0x0000000008002564
                0x0000000020000074                _sbss = .
                0x0000000020000074                __bss_start__ = _sbss
 *(.bss)
 .bss           0x0000000020000074       0x1c d:/st/stm32cubeide_1.7.0/stm32cubeide/plugins/com.st.stm32cube.ide.mcu.externaltools.gnu-tools-for-stm32.10.3-2021.10.win32_1.0.0.202111181127/tools/bin/../lib/gcc/arm-none-eabi/10.3.1/thumb/v7-m/nofp/crtbegin.o
 *(.bss*)
 .bss.ledRedIndex
                0x0000000020000090        0x1 ./Core/Src/buffer_manip.o
 *fill*         0x0000000020000091        0x3 
 .bss.ledDriverBuffer
                0x0000000020000094       0x14 ./Core/Src/main.o
 .bss.timerCounter
                0x00000000200000a8        0x4 ./Core/Src/software_timer.o
                0x00000000200000a8                timerCounter
 .bss.timerFlag
                0x00000000200000ac        0x4 ./Core/Src/software_timer.o
                0x00000000200000ac                timerFlag
 .bss.__sbrk_heap_end
                0x00000000200000b0        0x4 ./Core/Src/sysmem.o
 .bss.htim2     0x00000000200000b4       0x48 ./Core/Src/tim.o
                0x00000000200000b4                htim2
 .bss.uwTick    0x00000000200000fc        0x4 ./Drivers/STM32F1xx_HAL_Driver/Src/stm32f1xx_hal.o
                0x00000000200000fc                uwTick
 .bss.__malloc_free_list
                0x0000000020000100        0x4 d:/st/stm32cubeide_1.7.0/stm32cubeide/plugins/com.st.stm32cube.ide.mcu.externaltools.gnu-tools-for-stm32.10.3-2021.10.win32_1.0.0.202111181127/tools/bin/../lib/gcc/arm-none-eabi/10.3.1/../../../../arm-none-eabi/lib/thumb/v7-m/nofp\libc_nano.a(lib_a-nano-mallocr.o)
                0x0000000020000100                __malloc_free_list
 .bss.__malloc_sbrk_start
                0x0000000020000104        0x4 d:/st/stm32cubeide_1.7.0/stm32cubeide/plugins/com.st.stm32cube.ide.mcu.externaltools.gnu-tools-for-stm32.10.3-2021.10.win32_1.0.0.202111181127/tools/bin/../lib/gcc/arm-none-eabi/10.3.1/../../../../arm-none-eabi/lib/thumb/v7-m/nofp\libc_nano.a(lib_a-nano-mallocr.o)
                0x0000000020000104                __malloc_sbrk_start
 .bss.errno     0x0000000020000108        0x4 d:/st/stm32cubeide_1.7.0/stm32cubeide/plugins/com.st.stm32cube.ide.mcu.externaltools.gnu-tools-for-stm32.10.3-2021.10.win32_1.0.0.202111181127/tools/bin/../lib/gcc/arm-none-eabi/10.3.1/../../../../arm-none-eabi/lib/thumb/v7-m/nofp\libc_nano.a(lib_a-reent.o)
                0x0000000020000108                errno
 .bss.__lock___malloc_recursive_mutex
                0x000000002000010c        0x1 d:/st/stm32cubeide_1.7.0/stm32cubeide/plugins/com.st.stm32cube.ide.mcu.externaltools.gnu-tools-for-stm32.10.3-2021.10.win32_1.0.0.202111181127/tools/bin/../lib/gcc/arm-none-eabi/10.3.1/../../../../arm-none-eabi/lib/thumb/v7-m/nofp\libc_nano.a(lib_a-lock.o)
                0x000000002000010c                __lock___malloc_recursive_mutex
 *(COMMON)
                0x0000000020000110                . = ALIGN (0x4)
 *fill*         0x000000002000010d        0x3 
                0x0000000020000110                _ebss = .
                0x0000000020000110                __bss_end__ = _ebss

._user_heap_stack
                0x0000000020000110      0x600 load address 0x0000000008002564
                0x0000000020000110                . = ALIGN (0x8)
                [!provide]                        PROVIDE (end = .)
                0x0000000020000110                PROVIDE (_end = .)
                0x0000000020000310                . = (. + _Min_Heap_Size)
 *fill*         0x0000000020000110      0x200 
                0x0000000020000710                . = (. + _Min_Stack_Size)
 *fill*         0x0000000020000310      0x400 
                0x0000000020000710                . = ALIGN (0x8)

/DISCARD/
 libc.a(*)
 libm.a(*)
 libgcc.a(*)

.ARM.attributes
                0x0000000000000000       0x29
 *(.ARM.attributes)
 .ARM.attributes
                0x0000000000000000       0x1d d:/st/stm32cubeide_1.7.0/stm32cubeide/plugins/com.st.stm32cube.ide.mcu.externaltools.gnu-tools-for-stm32.10.3-2021.10.win32_1.0.0.202111181127/tools/bin/../lib/gcc/arm-none-eabi/10.3.1/thumb/v7-m/nofp/crti.o
 .ARM.attributes
                0x000000000000001d       0x2d d:/st/stm32cubeide_1.7.0/stm32cubeide/plugins/com.st.stm32cube.ide.mcu.externaltools.gnu-tools-for-stm32.10.3-2021.10.win32_1.0.0.202111181127/tools/bin/../lib/gcc/arm-none-eabi/10.3.1/thumb/v7-m/nofp/crtbegin.o
 .ARM.attributes
                0x000000000000004a       0x2d ./Core/Src/buffer_manip.o
 .ARM.attributes
                0x0000000000000077       0x2d ./Core/Src/gpio.o
 .ARM.attributes
                0x00000000000000a4       0x2d ./Core/Src/main.o
 .ARM.attributes
                0x00000000000000d1       0x2d ./Core/Src/software_timer.o
 .ARM.attributes
                0x00000000000000fe       0x2d ./Core/Src/stm32f1xx_hal_msp.o
 .ARM.attributes
                0x000000000000012b       0x2d ./Core/Src/stm32f1xx_it.o
 .ARM.attributes
                0x0000000000000158       0x2d ./Core/Src/sysmem.o
 .ARM.attributes
                0x0000000000000185       0x2d ./Core/Src/system_stm32f1xx.o
 .ARM.attributes
                0x00000000000001b2       0x2d ./Core/Src/tim.o
 .ARM.attributes
                0x00000000000001df       0x21 ./Core/Startup/startup_stm32f103rbtx.o
 .ARM.attributes
                0x0000000000000200       0x2d ./Drivers/STM32F1xx_HAL_Driver/Src/stm32f1xx_hal.o
 .ARM.attributes
                0x000000000000022d       0x2d ./Drivers/STM32F1xx_HAL_Driver/Src/stm32f1xx_hal_cortex.o
 .ARM.attributes
                0x000000000000025a       0x2d ./Drivers/STM32F1xx_HAL_Driver/Src/stm32f1xx_hal_gpio.o
 .ARM.attributes
                0x0000000000000287       0x2d ./Drivers/STM32F1xx_HAL_Driver/Src/stm32f1xx_hal_rcc.o
 .ARM.attributes
                0x00000000000002b4       0x2d ./Drivers/STM32F1xx_HAL_Driver/Src/stm32f1xx_hal_tim.o
 .ARM.attributes
                0x00000000000002e1       0x2d ./Drivers/STM32F1xx_HAL_Driver/Src/stm32f1xx_hal_tim_ex.o
 .ARM.attributes
                0x000000000000030e       0x2d d:/st/stm32cubeide_1.7.0/stm32cubeide/plugins/com.st.stm32cube.ide.mcu.externaltools.gnu-tools-for-stm32.10.3-2021.10.win32_1.0.0.202111181127/tools/bin/../lib/gcc/arm-none-eabi/10.3.1/../../../../arm-none-eabi/lib/thumb/v7-m/nofp\libc_nano.a(lib_a-errno.o)
 .ARM.attributes
                0x000000000000033b       0x2d d:/st/stm32cubeide_1.7.0/stm32cubeide/plugins/com.st.stm32cube.ide.mcu.externaltools.gnu-tools-for-stm32.10.3-2021.10.win32_1.0.0.202111181127/tools/bin/../lib/gcc/arm-none-eabi/10.3.1/../../../../arm-none-eabi/lib/thumb/v7-m/nofp\libc_nano.a(lib_a-impure.o)
 .ARM.attributes
                0x0000000000000368       0x2d d:/st/stm32cubeide_1.7.0/stm32cubeide/plugins/com.st.stm32cube.ide.mcu.externaltools.gnu-tools-for-stm32.10.3-2021.10.win32_1.0.0.202111181127/tools/bin/../lib/gcc/arm-none-eabi/10.3.1/../../../../arm-none-eabi/lib/thumb/v7-m/nofp\libc_nano.a(lib_a-init.o)
 .ARM.attributes
                0x0000000000000395       0x2d d:/st/stm32cubeide_1.7.0/stm32cubeide/plugins/com.st.stm32cube.ide.mcu.externaltools.gnu-tools-for-stm32.10.3-2021.10.win32_1.0.0.202111181127/tools/bin/../lib/gcc/arm-none-eabi/10.3.1/../../../../arm-none-eabi/lib/thumb/v7-m/nofp\libc_nano.a(lib_a-malloc.o)
 .ARM.attributes
                0x00000000000003c2       0x2d d:/st/stm32cubeide_1.7.0/stm32cubeide/plugins/com.st.stm32cube.ide.mcu.externaltools.gnu-tools-for-stm32.10.3-2021.10.win32_1.0.0.202111181127/tools/bin/../lib/gcc/arm-none-eabi/10.3.1/../../../../arm-none-eabi/lib/thumb/v7-m/nofp\libc_nano.a(lib_a-memset.o)
 .ARM.attributes
                0x00000000000003ef       0x2d d:/st/stm32cubeide_1.7.0/stm32cubeide/plugins/com.st.stm32cube.ide.mcu.externaltools.gnu-tools-for-stm32.10.3-2021.10.win32_1.0.0.202111181127/tools/bin/../lib/gcc/arm-none-eabi/10.3.1/../../../../arm-none-eabi/lib/thumb/v7-m/nofp\libc_nano.a(lib_a-nano-freer.o)
 .ARM.attributes
                0x000000000000041c       0x2d d:/st/stm32cubeide_1.7.0/stm32cubeide/plugins/com.st.stm32cube.ide.mcu.externaltools.gnu-tools-for-stm32.10.3-2021.10.win32_1.0.0.202111181127/tools/bin/../lib/gcc/arm-none-eabi/10.3.1/../../../../arm-none-eabi/lib/thumb/v7-m/nofp\libc_nano.a(lib_a-nano-mallocr.o)
 .ARM.attributes
                0x0000000000000449       0x2d d:/st/stm32cubeide_1.7.0/stm32cubeide/plugins/com.st.stm32cube.ide.mcu.externaltools.gnu-tools-for-stm32.10.3-2021.10.win32_1.0.0.202111181127/tools/bin/../lib/gcc/arm-none-eabi/10.3.1/../../../../arm-none-eabi/lib/thumb/v7-m/nofp\libc_nano.a(lib_a-sbrkr.o)
 .ARM.attributes
                0x0000000000000476       0x2d d:/st/stm32cubeide_1.7.0/stm32cubeide/plugins/com.st.stm32cube.ide.mcu.externaltools.gnu-tools-for-stm32.10.3-2021.10.win32_1.0.0.202111181127/tools/bin/../lib/gcc/arm-none-eabi/10.3.1/../../../../arm-none-eabi/lib/thumb/v7-m/nofp\libc_nano.a(lib_a-mlock.o)
 .ARM.attributes
                0x00000000000004a3       0x2d d:/st/stm32cubeide_1.7.0/stm32cubeide/plugins/com.st.stm32cube.ide.mcu.externaltools.gnu-tools-for-stm32.10.3-2021.10.win32_1.0.0.202111181127/tools/bin/../lib/gcc/arm-none-eabi/10.3.1/../../../../arm-none-eabi/lib/thumb/v7-m/nofp\libc_nano.a(lib_a-reent.o)
 .ARM.attributes
                0x00000000000004d0       0x2d d:/st/stm32cubeide_1.7.0/stm32cubeide/plugins/com.st.stm32cube.ide.mcu.externaltools.gnu-tools-for-stm32.10.3-2021.10.win32_1.0.0.202111181127/tools/bin/../lib/gcc/arm-none-eabi/10.3.1/../../../../arm-none-eabi/lib/thumb/v7-m/nofp\libc_nano.a(lib_a-lock.o)
 .ARM.attributes
                0x00000000000004fd       0x1d d:/st/stm32cubeide_1.7.0/stm32cubeide/plugins/com.st.stm32cube.ide.mcu.externaltools.gnu-tools-for-stm32.10.3-2021.10.win32_1.0.0.202111181127/tools/bin/../lib/gcc/arm-none-eabi/10.3.1/thumb/v7-m/nofp/crtn.o
OUTPUT(microPnC_20LEDs.elf elf32-littlearm)
LOAD linker stubs
LOAD d:/st/stm32cubeide_1.7.0/stm32cubeide/plugins/com.st.stm32cube.ide.mcu.externaltools.gnu-tools-for-stm32.10.3-2021.10.win32_1.0.0.202111181127/tools/bin/../lib/gcc/arm-none-eabi/10.3.1/../../../../arm-none-eabi/lib/thumb/v7-m/nofp\libc.a
LOAD d:/st/stm32cubeide_1.7.0/stm32cubeide/plugins/com.st.stm32cube.ide.mcu.externaltools.gnu-tools-for-stm32.10.3-2021.10.win32_1.0.0.202111181127/tools/bin/../lib/gcc/arm-none-eabi/10.3.1/../../../../arm-none-eabi/lib/thumb/v7-m/nofp\libm.a
LOAD d:/st/stm32cubeide_1.7.0/stm32cubeide/plugins/com.st.stm32cube.ide.mcu.externaltools.gnu-tools-for-stm32.10.3-2021.10.win32_1.0.0.202111181127/tools/bin/../lib/gcc/arm-none-eabi/10.3.1/thumb/v7-m/nofp\libgcc.a

.debug_info     0x0000000000000000     0x8f69
 .debug_info    0x0000000000000000      0xb1a ./Core/Src/buffer_manip.o
 .debug_info    0x0000000000000b1a      0x2ee ./Core/Src/gpio.o
 .debug_info    0x0000000000000e08      0xae6 ./Core/Src/main.o
 .debug_info    0x00000000000018ee       0x81 ./Core/Src/software_timer.o
 .debug_info    0x000000000000196f      0x180 ./Core/Src/stm32f1xx_hal_msp.o
 .debug_info    0x0000000000001aef      0x6ea ./Core/Src/stm32f1xx_it.o
 .debug_info    0x00000000000021d9      0x171 ./Core/Src/sysmem.o
 .debug_info    0x000000000000234a      0x23d ./Core/Src/system_stm32f1xx.o
 .debug_info    0x0000000000002587      0xa06 ./Core/Src/tim.o
 .debug_info    0x0000000000002f8d       0x22 ./Core/Startup/startup_stm32f103rbtx.o
 .debug_info    0x0000000000002faf      0x734 ./Drivers/STM32F1xx_HAL_Driver/Src/stm32f1xx_hal.o
 .debug_info    0x00000000000036e3      0xb20 ./Drivers/STM32F1xx_HAL_Driver/Src/stm32f1xx_hal_cortex.o
 .debug_info    0x0000000000004203      0x615 ./Drivers/STM32F1xx_HAL_Driver/Src/stm32f1xx_hal_gpio.o
 .debug_info    0x0000000000004818      0x860 ./Drivers/STM32F1xx_HAL_Driver/Src/stm32f1xx_hal_rcc.o
 .debug_info    0x0000000000005078     0x29de ./Drivers/STM32F1xx_HAL_Driver/Src/stm32f1xx_hal_tim.o
 .debug_info    0x0000000000007a56     0x1513 ./Drivers/STM32F1xx_HAL_Driver/Src/stm32f1xx_hal_tim_ex.o

.debug_abbrev   0x0000000000000000     0x19fa
 .debug_abbrev  0x0000000000000000      0x17a ./Core/Src/buffer_manip.o
 .debug_abbrev  0x000000000000017a      0x134 ./Core/Src/gpio.o
 .debug_abbrev  0x00000000000002ae      0x289 ./Core/Src/main.o
 .debug_abbrev  0x0000000000000537       0x71 ./Core/Src/software_timer.o
 .debug_abbrev  0x00000000000005a8       0xc2 ./Core/Src/stm32f1xx_hal_msp.o
 .debug_abbrev  0x000000000000066a      0x184 ./Core/Src/stm32f1xx_it.o
 .debug_abbrev  0x00000000000007ee       0xbb ./Core/Src/sysmem.o
 .debug_abbrev  0x00000000000008a9      0x13b ./Core/Src/system_stm32f1xx.o
 .debug_abbrev  0x00000000000009e4      0x1f7 ./Core/Src/tim.o
 .debug_abbrev  0x0000000000000bdb       0x12 ./Core/Startup/startup_stm32f103rbtx.o
 .debug_abbrev  0x0000000000000bed      0x1fb ./Drivers/STM32F1xx_HAL_Driver/Src/stm32f1xx_hal.o
 .debug_abbrev  0x0000000000000de8      0x2ed ./Drivers/STM32F1xx_HAL_Driver/Src/stm32f1xx_hal_cortex.o
 .debug_abbrev  0x00000000000010d5      0x1bb ./Drivers/STM32F1xx_HAL_Driver/Src/stm32f1xx_hal_gpio.o
 .debug_abbrev  0x0000000000001290      0x2a8 ./Drivers/STM32F1xx_HAL_Driver/Src/stm32f1xx_hal_rcc.o
 .debug_abbrev  0x0000000000001538      0x25d ./Drivers/STM32F1xx_HAL_Driver/Src/stm32f1xx_hal_tim.o
 .debug_abbrev  0x0000000000001795      0x265 ./Drivers/STM32F1xx_HAL_Driver/Src/stm32f1xx_hal_tim_ex.o

.debug_aranges  0x0000000000000000      0xb28
 .debug_aranges
                0x0000000000000000      0x138 ./Core/Src/buffer_manip.o
 .debug_aranges
                0x0000000000000138       0x20 ./Core/Src/gpio.o
 .debug_aranges
                0x0000000000000158       0x80 ./Core/Src/main.o
 .debug_aranges
                0x00000000000001d8       0x28 ./Core/Src/software_timer.o
 .debug_aranges
                0x0000000000000200       0x20 ./Core/Src/stm32f1xx_hal_msp.o
 .debug_aranges
                0x0000000000000220       0x68 ./Core/Src/stm32f1xx_it.o
 .debug_aranges
                0x0000000000000288       0x20 ./Core/Src/sysmem.o
 .debug_aranges
                0x00000000000002a8       0x28 ./Core/Src/system_stm32f1xx.o
 .debug_aranges
                0x00000000000002d0       0x30 ./Core/Src/tim.o
 .debug_aranges
                0x0000000000000300       0x28 ./Core/Startup/startup_stm32f103rbtx.o
 .debug_aranges
                0x0000000000000328       0xe0 ./Drivers/STM32F1xx_HAL_Driver/Src/stm32f1xx_hal.o
 .debug_aranges
                0x0000000000000408      0x100 ./Drivers/STM32F1xx_HAL_Driver/Src/stm32f1xx_hal_cortex.o
 .debug_aranges
                0x0000000000000508       0x58 ./Drivers/STM32F1xx_HAL_Driver/Src/stm32f1xx_hal_gpio.o
 .debug_aranges
                0x0000000000000560       0x90 ./Drivers/STM32F1xx_HAL_Driver/Src/stm32f1xx_hal_rcc.o
 .debug_aranges
                0x00000000000005f0      0x3d0 ./Drivers/STM32F1xx_HAL_Driver/Src/stm32f1xx_hal_tim.o
 .debug_aranges
                0x00000000000009c0      0x168 ./Drivers/STM32F1xx_HAL_Driver/Src/stm32f1xx_hal_tim_ex.o

.debug_ranges   0x0000000000000000      0xa30
 .debug_ranges  0x0000000000000000      0x128 ./Core/Src/buffer_manip.o
 .debug_ranges  0x0000000000000128       0x10 ./Core/Src/gpio.o
 .debug_ranges  0x0000000000000138       0x70 ./Core/Src/main.o
 .debug_ranges  0x00000000000001a8       0x18 ./Core/Src/software_timer.o
 .debug_ranges  0x00000000000001c0       0x10 ./Core/Src/stm32f1xx_hal_msp.o
 .debug_ranges  0x00000000000001d0       0x58 ./Core/Src/stm32f1xx_it.o
 .debug_ranges  0x0000000000000228       0x10 ./Core/Src/sysmem.o
 .debug_ranges  0x0000000000000238       0x18 ./Core/Src/system_stm32f1xx.o
 .debug_ranges  0x0000000000000250       0x20 ./Core/Src/tim.o
 .debug_ranges  0x0000000000000270       0x20 ./Core/Startup/startup_stm32f103rbtx.o
 .debug_ranges  0x0000000000000290       0xd0 ./Drivers/STM32F1xx_HAL_Driver/Src/stm32f1xx_hal.o
 .debug_ranges  0x0000000000000360       0xf0 ./Drivers/STM32F1xx_HAL_Driver/Src/stm32f1xx_hal_cortex.o
 .debug_ranges  0x0000000000000450       0x48 ./Drivers/STM32F1xx_HAL_Driver/Src/stm32f1xx_hal_gpio.o
 .debug_ranges  0x0000000000000498       0x80 ./Drivers/STM32F1xx_HAL_Driver/Src/stm32f1xx_hal_rcc.o
 .debug_ranges  0x0000000000000518      0x3c0 ./Drivers/STM32F1xx_HAL_Driver/Src/stm32f1xx_hal_tim.o
 .debug_ranges  0x00000000000008d8      0x158 ./Drivers/STM32F1xx_HAL_Driver/Src/stm32f1xx_hal_tim_ex.o

.debug_macro    0x0000000000000000    0x1781a
 .debug_macro   0x0000000000000000      0x143 ./Core/Src/buffer_manip.o
 .debug_macro   0x0000000000000143      0xa6c ./Core/Src/buffer_manip.o
 .debug_macro   0x0000000000000baf       0x22 ./Core/Src/buffer_manip.o
 .debug_macro   0x0000000000000bd1       0x8e ./Core/Src/buffer_manip.o
 .debug_macro   0x0000000000000c5f       0x51 ./Core/Src/buffer_manip.o
 .debug_macro   0x0000000000000cb0      0x103 ./Core/Src/buffer_manip.o
 .debug_macro   0x0000000000000db3       0x6a ./Core/Src/buffer_manip.o
 .debug_macro   0x0000000000000e1d      0x1df ./Core/Src/buffer_manip.o
 .debug_macro   0x0000000000000ffc       0x18 ./Core/Src/buffer_manip.o
 .debug_macro   0x0000000000001014       0x52 ./Core/Src/buffer_manip.o
 .debug_macro   0x0000000000001066       0x3c ./Core/Src/buffer_manip.o
 .debug_macro   0x00000000000010a2       0x34 ./Core/Src/buffer_manip.o
 .debug_macro   0x00000000000010d6       0x16 ./Core/Src/buffer_manip.o
 .debug_macro   0x00000000000010ec      0x10e ./Core/Src/buffer_manip.o
 .debug_macro   0x00000000000011fa       0x8d ./Core/Src/buffer_manip.o
 .debug_macro   0x0000000000001287       0x16 ./Core/Src/buffer_manip.o
 .debug_macro   0x000000000000129d       0x43 ./Core/Src/buffer_manip.o
 .debug_macro   0x00000000000012e0       0x34 ./Core/Src/buffer_manip.o
 .debug_macro   0x0000000000001314       0x10 ./Core/Src/buffer_manip.o
 .debug_macro   0x0000000000001324       0x58 ./Core/Src/buffer_manip.o
 .debug_macro   0x000000000000137c       0x71 ./Core/Src/buffer_manip.o
 .debug_macro   0x00000000000013ed       0x1c ./Core/Src/buffer_manip.o
 .debug_macro   0x0000000000001409      0x12a ./Core/Src/buffer_manip.o
 .debug_macro   0x0000000000001533      0x341 ./Core/Src/buffer_manip.o
 .debug_macro   0x0000000000001874       0x16 ./Core/Src/buffer_manip.o
 .debug_macro   0x000000000000188a       0x29 ./Core/Src/buffer_manip.o
 .debug_macro   0x00000000000018b3       0x22 ./Core/Src/buffer_manip.o
 .debug_macro   0x00000000000018d5      0x1b2 ./Core/Src/gpio.o
 .debug_macro   0x0000000000001a87      0x215 ./Core/Src/gpio.o
 .debug_macro   0x0000000000001c9c       0x2e ./Core/Src/gpio.o
 .debug_macro   0x0000000000001cca       0x22 ./Core/Src/gpio.o
 .debug_macro   0x0000000000001cec       0x1c ./Core/Src/gpio.o
 .debug_macro   0x0000000000001d08       0x22 ./Core/Src/gpio.o
 .debug_macro   0x0000000000001d2a       0xbd ./Core/Src/gpio.o
 .debug_macro   0x0000000000001de7      0xd23 ./Core/Src/gpio.o
 .debug_macro   0x0000000000002b0a     0xe09e ./Core/Src/gpio.o
 .debug_macro   0x0000000000010ba8       0x6d ./Core/Src/gpio.o
 .debug_macro   0x0000000000010c15     0x3468 ./Core/Src/gpio.o
 .debug_macro   0x000000000001407d      0x174 ./Core/Src/gpio.o
 .debug_macro   0x00000000000141f1       0x5c ./Core/Src/gpio.o
 .debug_macro   0x000000000001424d      0x5be ./Core/Src/gpio.o
 .debug_macro   0x000000000001480b      0x289 ./Core/Src/gpio.o
 .debug_macro   0x0000000000014a94      0x1cb ./Core/Src/gpio.o
 .debug_macro   0x0000000000014c5f      0x114 ./Core/Src/gpio.o
 .debug_macro   0x0000000000014d73      0x1b2 ./Core/Src/gpio.o
 .debug_macro   0x0000000000014f25       0x27 ./Core/Src/gpio.o
 .debug_macro   0x0000000000014f4c      0x136 ./Core/Src/gpio.o
 .debug_macro   0x0000000000015082      0x1bc ./Core/Src/gpio.o
 .debug_macro   0x000000000001523e       0x34 ./Core/Src/gpio.o
 .debug_macro   0x0000000000015272       0x3c ./Core/Src/gpio.o
 .debug_macro   0x00000000000152ae       0x57 ./Core/Src/gpio.o
 .debug_macro   0x0000000000015305       0x88 ./Core/Src/gpio.o
 .debug_macro   0x000000000001538d      0x241 ./Core/Src/gpio.o
 .debug_macro   0x00000000000155ce      0x141 ./Core/Src/gpio.o
 .debug_macro   0x000000000001570f      0x8d1 ./Core/Src/gpio.o
 .debug_macro   0x0000000000015fe0       0x83 ./Core/Src/gpio.o
 .debug_macro   0x0000000000016063       0x4c ./Core/Src/gpio.o
 .debug_macro   0x00000000000160af      0x2ce ./Core/Src/main.o
 .debug_macro   0x000000000001637d       0x16 ./Core/Src/main.o
 .debug_macro   0x0000000000016393       0x56 ./Core/Src/main.o
 .debug_macro   0x00000000000163e9       0x1a ./Core/Src/software_timer.o
 .debug_macro   0x0000000000016403      0x1a8 ./Core/Src/stm32f1xx_hal_msp.o
 .debug_macro   0x00000000000165ab      0x1b2 ./Core/Src/stm32f1xx_it.o
 .debug_macro   0x000000000001675d       0xff ./Core/Src/sysmem.o
 .debug_macro   0x000000000001685c      0x23b ./Core/Src/sysmem.o
 .debug_macro   0x0000000000016a97      0x199 ./Core/Src/system_stm32f1xx.o
 .debug_macro   0x0000000000016c30      0x1b2 ./Core/Src/tim.o
 .debug_macro   0x0000000000016de2      0x1bd ./Drivers/STM32F1xx_HAL_Driver/Src/stm32f1xx_hal.o
 .debug_macro   0x0000000000016f9f      0x199 ./Drivers/STM32F1xx_HAL_Driver/Src/stm32f1xx_hal_cortex.o
 .debug_macro   0x0000000000017138      0x204 ./Drivers/STM32F1xx_HAL_Driver/Src/stm32f1xx_hal_gpio.o
 .debug_macro   0x000000000001733c      0x1ab ./Drivers/STM32F1xx_HAL_Driver/Src/stm32f1xx_hal_rcc.o
 .debug_macro   0x00000000000174e7      0x19a ./Drivers/STM32F1xx_HAL_Driver/Src/stm32f1xx_hal_tim.o
 .debug_macro   0x0000000000017681      0x199 ./Drivers/STM32F1xx_HAL_Driver/Src/stm32f1xx_hal_tim_ex.o

.debug_line     0x0000000000000000     0xb625
 .debug_line    0x0000000000000000      0xf67 ./Core/Src/buffer_manip.o
 .debug_line    0x0000000000000f67      0x696 ./Core/Src/gpio.o
 .debug_line    0x00000000000015fd      0x992 ./Core/Src/main.o
 .debug_line    0x0000000000001f8f       0x9d ./Core/Src/software_timer.o
 .debug_line    0x000000000000202c      0x655 ./Core/Src/stm32f1xx_hal_msp.o
 .debug_line    0x0000000000002681      0x730 ./Core/Src/stm32f1xx_it.o
 .debug_line    0x0000000000002db1      0x4e5 ./Core/Src/sysmem.o
 .debug_line    0x0000000000003296      0x6d4 ./Core/Src/system_stm32f1xx.o
 .debug_line    0x000000000000396a      0x6c3 ./Core/Src/tim.o
 .debug_line    0x000000000000402d       0x87 ./Core/Startup/startup_stm32f103rbtx.o
 .debug_line    0x00000000000040b4      0x901 ./Drivers/STM32F1xx_HAL_Driver/Src/stm32f1xx_hal.o
 .debug_line    0x00000000000049b5      0xae9 ./Drivers/STM32F1xx_HAL_Driver/Src/stm32f1xx_hal_cortex.o
 .debug_line    0x000000000000549e      0x998 ./Drivers/STM32F1xx_HAL_Driver/Src/stm32f1xx_hal_gpio.o
 .debug_line    0x0000000000005e36      0xd0f ./Drivers/STM32F1xx_HAL_Driver/Src/stm32f1xx_hal_rcc.o
 .debug_line    0x0000000000006b45     0x32b7 ./Drivers/STM32F1xx_HAL_Driver/Src/stm32f1xx_hal_tim.o
 .debug_line    0x0000000000009dfc     0x1829 ./Drivers/STM32F1xx_HAL_Driver/Src/stm32f1xx_hal_tim_ex.o

.debug_str      0x0000000000000000    0x87786
 .debug_str     0x0000000000000000     0x6f75 ./Core/Src/buffer_manip.o
                                       0x7177 (size before relaxing)
 .debug_str     0x0000000000006f75    0x7d826 ./Core/Src/gpio.o
                                      0x81858 (size before relaxing)
 .debug_str     0x000000000008479b      0x763 ./Core/Src/main.o
                                      0x84eeb (size before relaxing)
 .debug_str     0x0000000000084efe       0x2a ./Core/Src/software_timer.o
                                       0x2cfc (size before relaxing)
 .debug_str     0x0000000000084f28       0x2c ./Core/Src/stm32f1xx_hal_msp.o
                                      0x817b2 (size before relaxing)
 .debug_str     0x0000000000084f54       0xec ./Core/Src/stm32f1xx_it.o
                                      0x81ce6 (size before relaxing)
 .debug_str     0x0000000000085040      0x4da ./Core/Src/sysmem.o
                                       0x5d52 (size before relaxing)
 .debug_str     0x000000000008551a       0x7e ./Core/Src/system_stm32f1xx.o
                                      0x816f9 (size before relaxing)
 .debug_str     0x0000000000085598      0x3e6 ./Core/Src/tim.o
                                      0x82101 (size before relaxing)
 .debug_str     0x000000000008597e       0x36 ./Core/Startup/startup_stm32f103rbtx.o
                                         0x6c (size before relaxing)
 .debug_str     0x00000000000859b4      0x38e ./Drivers/STM32F1xx_HAL_Driver/Src/stm32f1xx_hal.o
                                      0x81e2c (size before relaxing)
 .debug_str     0x0000000000085d42      0x29e ./Drivers/STM32F1xx_HAL_Driver/Src/stm32f1xx_hal_cortex.o
                                      0x81d78 (size before relaxing)
 .debug_str     0x0000000000085fe0      0x31a ./Drivers/STM32F1xx_HAL_Driver/Src/stm32f1xx_hal_gpio.o
                                      0x81a7f (size before relaxing)
 .debug_str     0x00000000000862fa      0x229 ./Drivers/STM32F1xx_HAL_Driver/Src/stm32f1xx_hal_rcc.o
                                      0x81b28 (size before relaxing)
 .debug_str     0x0000000000086523      0xdd0 ./Drivers/STM32F1xx_HAL_Driver/Src/stm32f1xx_hal_tim.o
                                      0x82b13 (size before relaxing)
 .debug_str     0x00000000000872f3      0x493 ./Drivers/STM32F1xx_HAL_Driver/Src/stm32f1xx_hal_tim_ex.o
                                      0x8232f (size before relaxing)

.comment        0x0000000000000000       0x50
 .comment       0x0000000000000000       0x50 ./Core/Src/buffer_manip.o
                                         0x51 (size before relaxing)
 .comment       0x0000000000000050       0x51 ./Core/Src/gpio.o
 .comment       0x0000000000000050       0x51 ./Core/Src/main.o
 .comment       0x0000000000000050       0x51 ./Core/Src/software_timer.o
 .comment       0x0000000000000050       0x51 ./Core/Src/stm32f1xx_hal_msp.o
 .comment       0x0000000000000050       0x51 ./Core/Src/stm32f1xx_it.o
 .comment       0x0000000000000050       0x51 ./Core/Src/sysmem.o
 .comment       0x0000000000000050       0x51 ./Core/Src/system_stm32f1xx.o
 .comment       0x0000000000000050       0x51 ./Core/Src/tim.o
 .comment       0x0000000000000050       0x51 ./Drivers/STM32F1xx_HAL_Driver/Src/stm32f1xx_hal.o
 .comment       0x0000000000000050       0x51 ./Drivers/STM32F1xx_HAL_Driver/Src/stm32f1xx_hal_cortex.o
 .comment       0x0000000000000050       0x51 ./Drivers/STM32F1xx_HAL_Driver/Src/stm32f1xx_hal_gpio.o
 .comment       0x0000000000000050       0x51 ./Drivers/STM32F1xx_HAL_Driver/Src/stm32f1xx_hal_rcc.o
 .comment       0x0000000000000050       0x51 ./Drivers/STM32F1xx_HAL_Driver/Src/stm32f1xx_hal_tim.o
 .comment       0x0000000000000050       0x51 ./Drivers/STM32F1xx_HAL_Driver/Src/stm32f1xx_hal_tim_ex.o

.debug_frame    0x0000000000000000     0x2f54
 .debug_frame   0x0000000000000000      0x58c ./Core/Src/buffer_manip.o
 .debug_frame   0x000000000000058c       0x34 ./Core/Src/gpio.o
 .debug_frame   0x00000000000005c0      0x1a8 ./Core/Src/main.o
 .debug_frame   0x0000000000000768       0x50 ./Core/Src/software_timer.o
 .debug_frame   0x00000000000007b8       0x38 ./Core/Src/stm32f1xx_hal_msp.o
 .debug_frame   0x00000000000007f0      0x120 ./Core/Src/stm32f1xx_it.o
 .debug_frame   0x0000000000000910       0x34 ./Core/Src/sysmem.o
 .debug_frame   0x0000000000000944       0x58 ./Core/Src/system_stm32f1xx.o
 .debug_frame   0x000000000000099c       0x7c ./Core/Src/tim.o
 .debug_frame   0x0000000000000a18      0x334 ./Drivers/STM32F1xx_HAL_Driver/Src/stm32f1xx_hal.o
 .debug_frame   0x0000000000000d4c      0x428 ./Drivers/STM32F1xx_HAL_Driver/Src/stm32f1xx_hal_cortex.o
 .debug_frame   0x0000000000001174      0x14c ./Drivers/STM32F1xx_HAL_Driver/Src/stm32f1xx_hal_gpio.o
 .debug_frame   0x00000000000012c0      0x21c ./Drivers/STM32F1xx_HAL_Driver/Src/stm32f1xx_hal_rcc.o
 .debug_frame   0x00000000000014dc     0x11b8 ./Drivers/STM32F1xx_HAL_Driver/Src/stm32f1xx_hal_tim.o
 .debug_frame   0x0000000000002694      0x638 ./Drivers/STM32F1xx_HAL_Driver/Src/stm32f1xx_hal_tim_ex.o
 .debug_frame   0x0000000000002ccc       0x20 d:/st/stm32cubeide_1.7.0/stm32cubeide/plugins/com.st.stm32cube.ide.mcu.externaltools.gnu-tools-for-stm32.10.3-2021.10.win32_1.0.0.202111181127/tools/bin/../lib/gcc/arm-none-eabi/10.3.1/../../../../arm-none-eabi/lib/thumb/v7-m/nofp\libc_nano.a(lib_a-errno.o)
 .debug_frame   0x0000000000002cec       0x2c d:/st/stm32cubeide_1.7.0/stm32cubeide/plugins/com.st.stm32cube.ide.mcu.externaltools.gnu-tools-for-stm32.10.3-2021.10.win32_1.0.0.202111181127/tools/bin/../lib/gcc/arm-none-eabi/10.3.1/../../../../arm-none-eabi/lib/thumb/v7-m/nofp\libc_nano.a(lib_a-init.o)
 .debug_frame   0x0000000000002d18       0x30 d:/st/stm32cubeide_1.7.0/stm32cubeide/plugins/com.st.stm32cube.ide.mcu.externaltools.gnu-tools-for-stm32.10.3-2021.10.win32_1.0.0.202111181127/tools/bin/../lib/gcc/arm-none-eabi/10.3.1/../../../../arm-none-eabi/lib/thumb/v7-m/nofp\libc_nano.a(lib_a-malloc.o)
 .debug_frame   0x0000000000002d48       0x20 d:/st/stm32cubeide_1.7.0/stm32cubeide/plugins/com.st.stm32cube.ide.mcu.externaltools.gnu-tools-for-stm32.10.3-2021.10.win32_1.0.0.202111181127/tools/bin/../lib/gcc/arm-none-eabi/10.3.1/../../../../arm-none-eabi/lib/thumb/v7-m/nofp\libc_nano.a(lib_a-memset.o)
 .debug_frame   0x0000000000002d68       0x38 d:/st/stm32cubeide_1.7.0/stm32cubeide/plugins/com.st.stm32cube.ide.mcu.externaltools.gnu-tools-for-stm32.10.3-2021.10.win32_1.0.0.202111181127/tools/bin/../lib/gcc/arm-none-eabi/10.3.1/../../../../arm-none-eabi/lib/thumb/v7-m/nofp\libc_nano.a(lib_a-nano-freer.o)
 .debug_frame   0x0000000000002da0       0x4c d:/st/stm32cubeide_1.7.0/stm32cubeide/plugins/com.st.stm32cube.ide.mcu.externaltools.gnu-tools-for-stm32.10.3-2021.10.win32_1.0.0.202111181127/tools/bin/../lib/gcc/arm-none-eabi/10.3.1/../../../../arm-none-eabi/lib/thumb/v7-m/nofp\libc_nano.a(lib_a-nano-mallocr.o)
 .debug_frame   0x0000000000002dec       0x2c d:/st/stm32cubeide_1.7.0/stm32cubeide/plugins/com.st.stm32cube.ide.mcu.externaltools.gnu-tools-for-stm32.10.3-2021.10.win32_1.0.0.202111181127/tools/bin/../lib/gcc/arm-none-eabi/10.3.1/../../../../arm-none-eabi/lib/thumb/v7-m/nofp\libc_nano.a(lib_a-sbrkr.o)
 .debug_frame   0x0000000000002e18       0x30 d:/st/stm32cubeide_1.7.0/stm32cubeide/plugins/com.st.stm32cube.ide.mcu.externaltools.gnu-tools-for-stm32.10.3-2021.10.win32_1.0.0.202111181127/tools/bin/../lib/gcc/arm-none-eabi/10.3.1/../../../../arm-none-eabi/lib/thumb/v7-m/nofp\libc_nano.a(lib_a-mlock.o)
 .debug_frame   0x0000000000002e48       0x5c d:/st/stm32cubeide_1.7.0/stm32cubeide/plugins/com.st.stm32cube.ide.mcu.externaltools.gnu-tools-for-stm32.10.3-2021.10.win32_1.0.0.202111181127/tools/bin/../lib/gcc/arm-none-eabi/10.3.1/../../../../arm-none-eabi/lib/thumb/v7-m/nofp\libc_nano.a(lib_a-reent.o)
 .debug_frame   0x0000000000002ea4       0xb0 d:/st/stm32cubeide_1.7.0/stm32cubeide/plugins/com.st.stm32cube.ide.mcu.externaltools.gnu-tools-for-stm32.10.3-2021.10.win32_1.0.0.202111181127/tools/bin/../lib/gcc/arm-none-eabi/10.3.1/../../../../arm-none-eabi/lib/thumb/v7-m/nofp\libc_nano.a(lib_a-lock.o)
