../Core/Src/buffer_manip.c:13:9:Get_Bit_Value	16	static
../Core/Src/buffer_manip.c:16:11:Create_Copy_Buffer	32	static
../Core/Src/buffer_manip.c:27:6:Free_Copy_Buffer	24	static
../Core/Src/buffer_manip.c:34:6:Update_Red_Index	16	static
../Core/Src/buffer_manip.c:37:6:Update_Green_Index	16	static
../Core/Src/buffer_manip.c:40:6:Rollback_Green_Index	16	static
../Core/Src/buffer_manip.c:46:6:Rollback_Red_Index	16	static
../Core/Src/buffer_manip.c:52:6:Remove_Red_Index	24	static
../Core/Src/buffer_manip.c:57:6:Remove_Green_Index	24	static
../Core/Src/buffer_manip.c:62:6:Toggle_Led	16	static
../Core/Src/buffer_manip.c:70:10:Single_Led_Blink	24	static
../Core/Src/buffer_manip.c:81:10:All_Led_On	16	static
../Core/Src/buffer_manip.c:87:10:All_Red_On	16	static
../Core/Src/buffer_manip.c:93:10:All_Green_On	16	static
../Core/Src/buffer_manip.c:99:10:All_Red_Blink	16	static
../Core/Src/buffer_manip.c:105:10:All_Green_Blink	16	static
../Core/Src/buffer_manip.c:111:10:Green_Moving_Forward	24	static
../Core/Src/buffer_manip.c:122:10:Red_Moving_Forward	24	static
../Core/Src/buffer_manip.c:133:10:Green_Moving_Backward	24	static
../Core/Src/buffer_manip.c:145:10:Red_Moving_Backward	24	static
../Core/Src/buffer_manip.c:157:10:Red_Backward_Green_Forward	32	static
../Core/Src/buffer_manip.c:168:10:Red_Forward_Green_Backward	32	static
../Core/Src/buffer_manip.c:179:10:All_Led_Moving_Backward	32	static
../Core/Src/buffer_manip.c:190:10:All_Led_Moving_Forward	32	static
../Core/Src/buffer_manip.c:201:10:Red_Moving_Middle	32	static
../Core/Src/buffer_manip.c:213:10:Green_Moving_Middle	32	static
../Core/Src/buffer_manip.c:229:10:All_Led_Moving_Middle	32	static
../Core/Src/buffer_manip.c:242:10:Red_Cummulative_Forward	16	static
../Core/Src/buffer_manip.c:247:10:Red_Cummulative_Backward	24	static
../Core/Src/buffer_manip.c:253:10:Green_Cummulative_Forward	16	static
../Core/Src/buffer_manip.c:258:10:Green_Cummulative_Backward	24	static
../Core/Src/buffer_manip.c:268:10:Red_Forward_Green_Backward_Cumm	32	static
../Core/Src/buffer_manip.c:282:10:Red_Backward_Green_Forward_Cumm	32	static
../Core/Src/buffer_manip.c:295:10:All_Led_Cummulative_Forward	32	static
../Core/Src/buffer_manip.c:308:10:All_Led_Cummulative_Backward	32	static
../Core/Src/buffer_manip.c:321:10:Half_Mixing_Alternative	32	static
