../Core/Src/buffer_manip.c:13:9:Get_Bit_Value	16	static
../Core/Src/buffer_manip.c:16:11:Create_Copy_Buffer	32	static
../Core/Src/buffer_manip.c:27:6:Free_Copy_Buffer	24	static
../Core/Src/buffer_manip.c:34:6:Update_Red_Index	16	static
../Core/Src/buffer_manip.c:37:6:Update_Green_Index	16	static
../Core/Src/buffer_manip.c:40:6:Rollback_Green_Index	16	static
../Core/Src/buffer_manip.c:46:6:Rollback_Red_Index	16	static
../Core/Src/buffer_manip.c:52:6:Toggle_Led	16	static
../Core/Src/buffer_manip.c:60:10:Single_Led_Blink	24	static
../Core/Src/buffer_manip.c:71:10:All_Led_On	16	static
../Core/Src/buffer_manip.c:77:10:All_Red_On	16	static
../Core/Src/buffer_manip.c:83:10:All_Green_On	16	static
../Core/Src/buffer_manip.c:89:10:All_Red_Blink	16	static
../Core/Src/buffer_manip.c:95:10:All_Green_Blink	16	static
../Core/Src/buffer_manip.c:101:10:Green_Moving_Forward	24	static
../Core/Src/buffer_manip.c:112:10:Red_Moving_Forward	24	static
../Core/Src/buffer_manip.c:123:10:Green_Moving_Backward	24	static
../Core/Src/buffer_manip.c:135:10:Red_Moving_Backward	24	static
../Core/Src/buffer_manip.c:147:10:Red_Backward_Green_Forward	32	static
../Core/Src/buffer_manip.c:158:10:Red_Forward_Green_Backward	32	static
../Core/Src/buffer_manip.c:169:10:Red_Backward_Green_Backward	32	static
../Core/Src/buffer_manip.c:180:10:Red_Forward_Green_Forward	32	static
../Core/Src/buffer_manip.c:191:10:Red_Moving_Middle	32	static
../Core/Src/buffer_manip.c:203:10:Green_Moving_Middle	32	static
../Core/Src/buffer_manip.c:215:10:All_Led_Moving_Middle	32	static
../Core/Src/buffer_manip.c:228:10:Red_Cummulative_Forward	16	static
../Core/Src/buffer_manip.c:233:10:Red_Cummulative_Backward	24	static
../Core/Src/buffer_manip.c:239:10:Green_Cummulative_Forward	16	static
../Core/Src/buffer_manip.c:244:10:Green_Cummulative_Backward	24	static
../Core/Src/buffer_manip.c:250:10:Red_Forward_Green_Backward_Cumm	32	static
