../Core/Src/buffer_manip.c:13:9:Get_Bit_Value	16	static
../Core/Src/buffer_manip.c:17:11:Create_Copy_Buffer	32	static
../Core/Src/buffer_manip.c:28:6:Free_Copy_Buffer	24	static
../Core/Src/buffer_manip.c:35:10:Single_Led_Blink	24	static
../Core/Src/buffer_manip.c:46:10:All_Led_On	16	static
../Core/Src/buffer_manip.c:52:10:All_Red_On	16	static
../Core/Src/buffer_manip.c:58:10:All_Green_On	16	static
../Core/Src/buffer_manip.c:64:10:All_Red_Blink	16	static
../Core/Src/buffer_manip.c:70:10:All_Green_Blink	16	static
../Core/Src/buffer_manip.c:76:10:Green_Moving_Forward	24	static
../Core/Src/buffer_manip.c:87:10:Red_Moving_Forward	24	static
../Core/Src/buffer_manip.c:98:10:Green_Moving_Backward	24	static
../Core/Src/buffer_manip.c:110:10:Red_Moving_Backward	24	static
../Core/Src/buffer_manip.c:122:10:Red_Backward_Green_Forward	32	static
../Core/Src/buffer_manip.c:133:10:Red_Forward_Green_Backward	32	static
../Core/Src/buffer_manip.c:144:10:Red_Backward_Green_Backward	32	static
../Core/Src/buffer_manip.c:155:10:Red_Forward_Green_Forward	32	static
../Core/Src/buffer_manip.c:166:10:All_Led_Moving_Middle	32	static
