../Core/Src/main.c:85:5:main	8	static
../Core/Src/main.c:137:6:SystemClock_Config	72	static
../Core/Src/main.c:170:13:Relay_Enable	8	static
../Core/Src/main.c:173:13:Latch_Enable	8	static
../Core/Src/main.c:176:13:Latch_Disable	8	static
../Core/Src/main.c:179:13:Output_Enable	8	static
../Core/Src/main.c:185:13:Clock_On	16	static
../Core/Src/main.c:191:13:Clock_Off	16	static
../Core/Src/main.c:198:13:Data_Out	16	static
../Core/Src/main.c:202:6:Led_Display	16	static
../Core/Src/main.c:211:6:Update_Led_Driver_Buffer	8	static
../Core/Src/main.c:236:6:HAL_TIM_PeriodElapsedCallback	16	static
../Core/Src/main.c:245:6:Error_Handler	4	static,ignoring_inline_asm
