../Core/Src/main.c:83:5:main	8	static
../Core/Src/main.c:135:6:SystemClock_Config	72	static
../Core/Src/main.c:168:13:Relay_Enable	8	static
../Core/Src/main.c:171:13:Latch_Enable	8	static
../Core/Src/main.c:174:13:Latch_Disable	8	static
../Core/Src/main.c:177:13:Output_Enable	8	static
../Core/Src/main.c:183:13:Clock_On	16	static
../Core/Src/main.c:189:13:Clock_Off	16	static
../Core/Src/main.c:196:13:Data_Out	16	static
../Core/Src/main.c:202:6:Led_Display	16	static
../Core/Src/main.c:211:6:Update_Led_Driver_Buffer	4	static
../Core/Src/main.c:215:6:HAL_TIM_PeriodElapsedCallback	16	static
../Core/Src/main.c:224:6:Error_Handler	4	static,ignoring_inline_asm
